Microchip MPLAB XC8 Compiler V2.36

Linker command line:

-W-3 --edf=C:\Program Files\Microchip\xc8\v2.36\pic\dat\en_msgs.txt -cn \
  -h+dist/default/production\Digital_timer.X.production.sym \
  --cmf=dist/default/production\Digital_timer.X.production.cmf -z -Q18F4580 \
  -oC:\Users\mdfai\AppData\Local\Temp\xcAsaj0.4 --defsym=__MPLAB_BUILD=1 \
  -Mdist/default/production/Digital_timer.X.production.map \
  --md=C:\Users\mdfai\AppData\Local\Temp\xcAsaj0.dat -E1 -ver=XC8 Compiler \
  --acfsm=1493 -ACODE=00h-03000h -ACONST=00h-03000h \
  -ASMALLCONST=0600h-06FFhx42,03000h-03000h -AMEDIUMCONST=0600h-03000h \
  -ACOMRAM=01h-05Fh -AABS1=00h-05FFh -ABIGRAM=01h-05FFh \
  -ARAM=060h-0FFh,0100h-01FFhx5 -ABANK0=060h-0FFh -ABANK1=0100h-01FFh \
  -ABANK2=0200h-02FFh -ABANK3=0300h-03FFh -ABANK4=0400h-04FFh \
  -ABANK5=0500h-05FFh -ASFR=0D00h-0DFFhx2,0F00h-0F5Fh,0F60h-0FFFh \
  -ABIGSFR=0D00h-0FFFh -ACONFIG=0300000h-030000Dh -AIDLOC=0200000h-0200007h \
  -AEEDATA=0F00000h-0F000FFh -peeprom_data=EEDATA \
  -preset_vec=00h,intcode,intcodelo,powerup,init -pramtop=0600h \
  -psmallconst=SMALLCONST -pmediumconst=MEDIUMCONST -pconst=CONST \
  -AFARRAM=00h-00h \
  -prdata=COMRAM,nvrram=COMRAM,nvbit=COMRAM,rbss=COMRAM,rbit=COMRAM \
  -pfarbss=FARRAM,fardata=FARRAM,nvFARRAM=FARRAM \
  -pintsave_regs=BIGRAM,bigbss=BIGRAM,bigdata=BIGRAM -pbss=RAM \
  -pidata=CODE,irdata=CODE,ibigdata=CODE,ifardata=CODE -prparam=COMRAM \
  C:\Users\mdfai\AppData\Local\Temp\xcAsaj0.o \
  dist/default/production\Digital_timer.X.production.o 

Object code version is 3.11

Machine type is 18F4580



                Name                               Link     Load   Length Selector   Space Scale
C:\Users\mdfai\AppData\Local\Temp\xcAsaj0.o
                idloc                            200000   200000        8        0       5
                config                           300000   300000        E        0       4
                init                                  0        0        4        0       0
dist/default/production\Digital_timer.X.production.o
                idloc                            200000   200000        8        0       5
                config                           300000   300000        E        0       4
                smallconst                          600      600       48      300       0
                text35                             26C6     26C6       3A      324       0
                text34                             2522     2522       6C      324       0
                text33                             278C     278C       18      324       0
                text32                             2430     2430       7C      324       0
                text31                             24AC     24AC       76      324       0
                text30                             1C38     1C38      176      324       0
                text29                             1928     1928      19A      324       0
                text28                             1AC2     1AC2      176      324       0
                text27                             2826     2826        6      324       0
                text26                             27BA     27BA       12      324       0
                text25                             2818     2818        8      324       0
                text24                             27F4     27F4        C      324       0
                text23                             2810     2810        8      324       0
                text22                             2808     2808        8      324       0
                text21                             2800     2800        8      324       0
                text20                             27E8     27E8        C      324       0
                text19                             272A     272A       2A      324       0
                text18                             23A8     23A8       88      324       0
                text17                             2300     2300       A8      324       0
                text16                             2754     2754       1E      324       0
                text15                             263E     263E       48      324       0
                text14                             27A4     27A4       16      324       0
                text13                             27CC     27CC       10      324       0
                text12                             27DC     27DC        C      324       0
                text11                             2772     2772       1A      324       0
                text10                             2072     2072      11A      324       0
                text9                              218C     218C       C4      324       0
                text8                              2250     2250       B0      324       0
                text7                              1270     1270      4DC      324       0
                text6                              2686     2686       40      324       0
                text5                              1F12     1F12      160      324       0
                text4                               648      648      74C      324       0
                text3                               D94      D94      4DC      324       0
                text2                              2700     2700       2A      324       0
                text1                              1DAE     1DAE      164      324       0
                text0                              174C     174C      1DC      324       0
                cstackCOMRAM                         34       34       1E        1       1
                dataBANK0                            60       60       5A       60       1
                dataCOMRAM                           52       52        6        1       1
                bssCOMRAM                             1        1       33        1       1
                cinit                              25E8     25E8       56      324       0
                idataBANK0                         258E     258E       5A      324       0
                idataCOMRAM                        2820     2820        6      324       0

TOTAL           Name                               Link     Load   Length     Space
        CLASS   CODE           
                init                                  0        0        4         0
                text35                             26C6     26C6       3A         0
                text34                             2522     2522       6C         0
                text33                             278C     278C       18         0
                text32                             2430     2430       7C         0
                text31                             24AC     24AC       76         0
                text30                             1C38     1C38      176         0
                text29                             1928     1928      19A         0
                text28                             1AC2     1AC2      176         0
                text27                             2826     2826        6         0
                text26                             27BA     27BA       12         0
                text25                             2818     2818        8         0
                text24                             27F4     27F4        C         0
                text23                             2810     2810        8         0
                text22                             2808     2808        8         0
                text21                             2800     2800        8         0
                text20                             27E8     27E8        C         0
                text19                             272A     272A       2A         0
                text18                             23A8     23A8       88         0
                text17                             2300     2300       A8         0
                text16                             2754     2754       1E         0
                text15                             263E     263E       48         0
                text14                             27A4     27A4       16         0
                text13                             27CC     27CC       10         0
                text12                             27DC     27DC        C         0
                text11                             2772     2772       1A         0
                text10                             2072     2072      11A         0
                text9                              218C     218C       C4         0
                text8                              2250     2250       B0         0
                text7                              1270     1270      4DC         0
                text6                              2686     2686       40         0
                text5                              1F12     1F12      160         0
                text4                               648      648      74C         0
                text3                               D94      D94      4DC         0
                text2                              2700     2700       2A         0
                text1                              1DAE     1DAE      164         0
                text0                              174C     174C      1DC         0
                cinit                              25E8     25E8       56         0
                idataBANK0                         258E     258E       5A         0
                idataCOMRAM                        2820     2820        6         0

        CLASS   CONST          

        CLASS   SMALLCONST     
                smallconst                          600      600       48         0

        CLASS   MEDIUMCONST    

        CLASS   COMRAM         
                cstackCOMRAM                         34       34       1E         1
                dataCOMRAM                           52       52        6         1
                bssCOMRAM                             1        1       33         1

        CLASS   ABS1           

        CLASS   BIGRAM         

        CLASS   RAM            

        CLASS   BANK0          
                dataBANK0                            60       60       5A         1

        CLASS   BANK1          

        CLASS   BANK2          

        CLASS   BANK3          

        CLASS   BANK4          

        CLASS   BANK5          

        CLASS   SFR            

        CLASS   BIGSFR         

        CLASS   CONFIG         
                config                           300000   300000        E         4

        CLASS   IDLOC          
                idloc                            200000   200000        8         5

        CLASS   EEDATA         

        CLASS   FARRAM         

        CLASS   HEAP           

        CLASS   STACK          



SEGMENTS        Name                           Load    Length   Top    Selector   Space  Class

                reset_vec                      000000  000004  000004         0       0  CODE    
                bssCOMRAM                      000001  000057  000058         1       1  COMRAM  
                dataBANK0                      000060  00005A  0000BA        60       1  BANK0   
                smallconst                     000600  000048  000648       300       0  SMALLCON
                text4                          000648  0021E4  00282C       324       0  CODE    


UNUSED ADDRESS RANGES

        Name                Unused          Largest block    Delta
        BANK0            0000BA-0000FF               46
        BANK1            000100-0001FF              100
        BANK2            000200-0002FF              100
        BANK3            000300-0003FF              100
        BANK4            000400-0004FF              100
        BANK5            000500-0005FF              100
        BIGRAM           000058-00005F                8
                         0000BA-0005FF              546
        BIGSFR           000D00-000FFF              300
        CODE             000004-0005FF              5FC
                         00282C-003000              7D5
        COMRAM           000058-00005F                8
        CONST            000004-0005FF              5FC
                         00282C-003000              7D5
        EEDATA           F00000-F000FF              100
        MEDIUMCONST      00282C-003000              7D5
        RAM              0000BA-0005FF              100
        SFR              000D00-000FFF              100
        SMALLCONST       00282C-003000              100

                                  Symbol Table

?___awdiv                      cstackCOMRAM 000034
?___awmod                      cstackCOMRAM 000034
_ACKDT                         (abs)        007E2D
_ACKEN                         (abs)        007E2C
_ACKSTAT                       (abs)        007E2E
_ADCON1                        (abs)        000FC1
_BCLIF                         (abs)        007D0B
_CKE                           (abs)        007E3E
_PEN                           (abs)        007E2A
_PORTB                         (abs)        000F81
_PORTBbits                     (abs)        000F81
_PORTD                         (abs)        000F83
_PR2                           (abs)        000FCB
_RB0                           (abs)        007C08
_RBPU                          (abs)        007F8F
_RC0                           (abs)        007C10
_RC1                           (abs)        007C11
_RC2                           (abs)        007C12
_RCEN                          (abs)        007E2B
_RD7                           (abs)        007C1F
_RSEN                          (abs)        007E29
_SEN                           (abs)        007E28
_SMP                           (abs)        007E3F
_SSPADD                        (abs)        000FC8
_SSPBUF                        (abs)        000FC9
_SSPCON1                       (abs)        000FC6
_SSPIF                         (abs)        007CF3
_TMR2IE                        (abs)        007CE9
_TMR2IF                        (abs)        007CF1
_TMR2ON                        (abs)        007E52
_TRISB                         (abs)        000F93
_TRISB0                        (abs)        007C98
_TRISC                         (abs)        000F94
_TRISC3                        (abs)        007CA3
_TRISC4                        (abs)        007CA4
_TRISD                         (abs)        000F95
_TRISD7                        (abs)        007CAF
__HRAM                         (abs)        000000
__Habs1                        abs1         000000
__Hbank0                       bank0        000000
__Hbank1                       bank1        000000
__Hbank2                       bank2        000000
__Hbank3                       bank3        000000
__Hbank4                       bank4        000000
__Hbank5                       bank5        000000
__Hbigbss                      bigbss       000000
__Hbigdata                     bigdata      000000
__Hbigram                      bigram       000000
__Hbigsfr                      bigsfr       000000
__Hbss                         bss          000000
__HbssCOMRAM                   bssCOMRAM    000000
__Hcinit                       cinit        000000
__Hclrtext                     clrtext      000000
__Hcomram                      comram       000000
__Hconfig                      config       30000E
__Hconst                       const        000000
__HcstackCOMRAM                cstackCOMRAM 000000
__Hdata                        data         000000
__HdataBANK0                   dataBANK0    000000
__HdataCOMRAM                  dataCOMRAM   000000
__Heeprom_data                 eeprom_data  000000
__Hfarbss                      farbss       000000
__Hfardata                     fardata      000000
__Hheap                        heap         000000
__Hibigdata                    ibigdata     000000
__Hidata                       idata        000000
__HidataBANK0                  idataBANK0   000000
__HidataCOMRAM                 idataCOMRAM  000000
__Hidloc                       idloc        200008
__Hifardata                    ifardata     000000
__Hinit                        init         000004
__Hintcode                     intcode      000000
__Hintcode_body                intcode_body 000000
__Hintcodelo                   intcodelo    000000
__Hintentry                    intentry     000000
__Hintret                      intret       000000
__Hintsave_regs                intsave_regs 000000
__Hirdata                      irdata       000000
__Hmediumconst                 mediumconst  000000
__HnvFARRAM                    nvFARRAM     000000
__Hnvbit                       nvbit        000000
__Hnvrram                      nvrram       000000
__Hparam                       rparam       000000
__Hpowerup                     powerup      000000
__Hram                         ram          000000
__Hramtop                      ramtop       000600
__Hrbit                        rbit         000000
__Hrbss                        rbss         000000
__Hrdata                       rdata        000000
__Hreset_vec                   reset_vec    000000
__Hrparam                      rparam       000000
__Hsfr                         sfr          000000
__Hsmallconst                  smallconst   000648
__Hspace_0                     (abs)        00282C
__Hspace_1                     (abs)        0000BA
__Hspace_2                     (abs)        000000
__Hspace_4                     (abs)        60000E
__Hstack                       stack        000000
__Hstruct                      struct       000000
__Htemp                        temp         000000
__Htext                        text         000000
__Htext0                       text0        000000
__Htext1                       text1        000000
__Htext10                      text10       000000
__Htext11                      text11       000000
__Htext12                      text12       000000
__Htext13                      text13       000000
__Htext14                      text14       000000
__Htext15                      text15       000000
__Htext16                      text16       000000
__Htext17                      text17       000000
__Htext18                      text18       000000
__Htext19                      text19       000000
__Htext2                       text2        000000
__Htext20                      text20       000000
__Htext21                      text21       000000
__Htext22                      text22       000000
__Htext23                      text23       000000
__Htext24                      text24       000000
__Htext25                      text25       000000
__Htext26                      text26       000000
__Htext27                      text27       000000
__Htext28                      text28       000000
__Htext29                      text29       000000
__Htext3                       text3        000000
__Htext30                      text30       000000
__Htext31                      text31       000000
__Htext32                      text32       000000
__Htext33                      text33       000000
__Htext34                      text34       000000
__Htext35                      text35       000000
__Htext4                       text4        000000
__Htext5                       text5        000000
__Htext6                       text6        000000
__Htext7                       text7        000000
__Htext8                       text8        000000
__Htext9                       text9        000000
__LRAM                         (abs)        000001
__Labs1                        abs1         000000
__Lbank0                       bank0        000000
__Lbank1                       bank1        000000
__Lbank2                       bank2        000000
__Lbank3                       bank3        000000
__Lbank4                       bank4        000000
__Lbank5                       bank5        000000
__Lbigbss                      bigbss       000000
__Lbigdata                     bigdata      000000
__Lbigram                      bigram       000000
__Lbigsfr                      bigsfr       000000
__Lbss                         bss          000000
__LbssCOMRAM                   bssCOMRAM    000000
__Lcinit                       cinit        000000
__Lclrtext                     clrtext      000000
__Lcomram                      comram       000000
__Lconfig                      config       000000
__Lconst                       const        000000
__LcstackCOMRAM                cstackCOMRAM 000000
__Ldata                        data         000000
__LdataBANK0                   dataBANK0    000000
__LdataCOMRAM                  dataCOMRAM   000000
__Leeprom_data                 eeprom_data  000000
__Lfarbss                      farbss       000000
__Lfardata                     fardata      000000
__Lheap                        heap         000000
__Libigdata                    ibigdata     000000
__Lidata                       idata        000000
__LidataBANK0                  idataBANK0   000000
__LidataCOMRAM                 idataCOMRAM  000000
__Lidloc                       idloc        000000
__Lifardata                    ifardata     000000
__Linit                        init         000000
__Lintcode                     intcode      000000
__Lintcode_body                intcode_body 000000
__Lintcodelo                   intcodelo    000000
__Lintentry                    intentry     000000
__Lintret                      intret       000000
__Lintsave_regs                intsave_regs 000000
__Lirdata                      irdata       000000
__Lmediumconst                 mediumconst  000000
__LnvFARRAM                    nvFARRAM     000000
__Lnvbit                       nvbit        000000
__Lnvrram                      nvrram       000000
__Lparam                       rparam       000000
__Lpowerup                     powerup      000000
__Lram                         ram          000000
__Lramtop                      ramtop       000600
__Lrbit                        rbit         000000
__Lrbss                        rbss         000000
__Lrdata                       rdata        000000
__Lreset_vec                   reset_vec    000000
__Lrparam                      rparam       000000
__Lsfr                         sfr          000000
__Lsmallconst                  smallconst   000600
__Lspace_0                     (abs)        000000
__Lspace_1                     (abs)        000000
__Lspace_2                     (abs)        000000
__Lspace_4                     (abs)        000000
__Lstack                       stack        000000
__Lstruct                      struct       000000
__Ltemp                        temp         000000
__Ltext                        text         000000
__Ltext0                       text0        000000
__Ltext1                       text1        000000
__Ltext10                      text10       000000
__Ltext11                      text11       000000
__Ltext12                      text12       000000
__Ltext13                      text13       000000
__Ltext14                      text14       000000
__Ltext15                      text15       000000
__Ltext16                      text16       000000
__Ltext17                      text17       000000
__Ltext18                      text18       000000
__Ltext19                      text19       000000
__Ltext2                       text2        000000
__Ltext20                      text20       000000
__Ltext21                      text21       000000
__Ltext22                      text22       000000
__Ltext23                      text23       000000
__Ltext24                      text24       000000
__Ltext25                      text25       000000
__Ltext26                      text26       000000
__Ltext27                      text27       000000
__Ltext28                      text28       000000
__Ltext29                      text29       000000
__Ltext3                       text3        000000
__Ltext30                      text30       000000
__Ltext31                      text31       000000
__Ltext32                      text32       000000
__Ltext33                      text33       000000
__Ltext34                      text34       000000
__Ltext35                      text35       000000
__Ltext4                       text4        000000
__Ltext5                       text5        000000
__Ltext6                       text6        000000
__Ltext7                       text7        000000
__Ltext8                       text8        000000
__Ltext9                       text9        000000
__S0                           (abs)        00282C
__S1                           (abs)        0000BA
__S4                           (abs)        000000
__S5                           (abs)        000000
___awdiv                       text9        00218C
___awdiv@counter               cstackCOMRAM 000038
___awdiv@dividend              cstackCOMRAM 000034
___awdiv@divisor               cstackCOMRAM 000036
___awdiv@quotient              cstackCOMRAM 00003A
___awdiv@sign                  cstackCOMRAM 000039
___awmod                       text8        002250
___awmod@counter               cstackCOMRAM 000038
___awmod@dividend              cstackCOMRAM 000034
___awmod@divisor               cstackCOMRAM 000036
___awmod@sign                  cstackCOMRAM 000039
___heap_hi                     (abs)        000000
___heap_lo                     (abs)        000000
___inthi_sp                    stack        000000
___intlo_sp                    stack        000000
___param_bank                  (abs)        000000
___rparam_used                 (abs)        000001
___sp                          stack        000000
__accesstop                    (abs)        000060
__activetblptr                 (abs)        000002
__end_of___awdiv               text9        002250
__end_of___awmod               text8        002300
__end_of__initialization       cinit        002634
__end_of_clcd_print            text34       00258E
__end_of_clcd_print_ch         text33       0027A4
__end_of_clcd_write            text35       002700
__end_of_date_time             text30       001DAE
__end_of_edit_screen           text29       001AC2
__end_of_edit_view_event       text28       001C38
__end_of_get_time              text18       002430
__end_of_i2c_idle              text26       0027CC
__end_of_i2c_no_ack            text27       00282C
__end_of_i2c_read              text24       002800
__end_of_i2c_rep_start         text23       002818
__end_of_i2c_rx_mode           text25       002820
__end_of_i2c_start             text22       002810
__end_of_i2c_stop              text21       002808
__end_of_i2c_write             text20       0027F4
__end_of_init_clcd             text17       0023A8
__end_of_init_config           text11       00278C
__end_of_init_ds1307           text15       002686
__end_of_init_i2c              text14       0027BA
__end_of_init_matrix           text13       0027DC
__end_of_init_timer            text12       0027E8
__end_of_main                  text0        001928
__end_of_read_ds1307           text19       002754
__end_of_read_external_eeprom  text2        00272A
__end_of_read_key              text31       002522
__end_of_read_rtc              text10       00218C
__end_of_scan_key              text32       0024AC
__end_of_set_date              text7        00174C
__end_of_set_ev                text4        000D94
__end_of_set_time              text3        001270
__end_of_store                 text5        002072
__end_of_view_event            text1        001F12
__end_of_write_ds1307          text16       002772
__end_of_write_external_eeprom text6        0026C6
__initialization               cinit        0025E8
__mediumconst                  mediumconst  000000
__pbssCOMRAM                   bssCOMRAM    000001
__pcinit                       cinit        0025E8
__pcstackCOMRAM                cstackCOMRAM 000034
__pdataBANK0                   dataBANK0    000060
__pdataCOMRAM                  dataCOMRAM   000052
__pidataBANK0                  idataBANK0   00258E
__pidataCOMRAM                 idataCOMRAM  002820
__psmallconst                  smallconst   000600
__ptext0                       text0        00174C
__ptext1                       text1        001DAE
__ptext10                      text10       002072
__ptext11                      text11       002772
__ptext12                      text12       0027DC
__ptext13                      text13       0027CC
__ptext14                      text14       0027A4
__ptext15                      text15       00263E
__ptext16                      text16       002754
__ptext17                      text17       002300
__ptext18                      text18       0023A8
__ptext19                      text19       00272A
__ptext2                       text2        002700
__ptext20                      text20       0027E8
__ptext21                      text21       002800
__ptext22                      text22       002808
__ptext23                      text23       002810
__ptext24                      text24       0027F4
__ptext25                      text25       002818
__ptext26                      text26       0027BA
__ptext27                      text27       002826
__ptext28                      text28       001AC2
__ptext29                      text29       001928
__ptext3                       text3        000D94
__ptext30                      text30       001C38
__ptext31                      text31       0024AC
__ptext32                      text32       002430
__ptext33                      text33       00278C
__ptext34                      text34       002522
__ptext35                      text35       0026C6
__ptext4                       text4        000648
__ptext5                       text5        001F12
__ptext6                       text6        002686
__ptext7                       text7        001270
__ptext8                       text8        002250
__ptext9                       text9        00218C
__ramtop                       ramtop       000600
__smallconst                   smallconst   000600
_clcd_print                    text34       002522
_clcd_print_ch                 text33       00278C
_clcd_write                    text35       0026C6
_d                             bssCOMRAM    00001D
_d_h                           bssCOMRAM    000017
_d_min                         bssCOMRAM    000016
_d_sec                         bssCOMRAM    000015
_date                          bssCOMRAM    000022
_date_time                     text30       001C38
_edit_screen                   text29       001928
_edit_view_event               text28       001AC2
_event                         dataCOMRAM   000056
_get_time                      text18       0023A8
_h                             bssCOMRAM    000020
_i                             bssCOMRAM    000021
_i2c_idle                      text26       0027BA
_i2c_no_ack                    text27       002826
_i2c_read                      text24       0027F4
_i2c_rep_start                 text23       002810
_i2c_rx_mode                   text25       002818
_i2c_start                     text22       002808
_i2c_stop                      text21       002800
_i2c_write                     text20       0027E8
_init_clcd                     text17       002300
_init_config                   text11       002772
_init_ds1307                   text15       00263E
_init_i2c                      text14       0027A4
_init_matrix                   text13       0027CC
_init_timer                    text12       0027DC
_m                             bssCOMRAM    00001A
_main                          text0        00174C
_min                           bssCOMRAM    00001F
_month                         bssCOMRAM    00001C
_read_ds1307                   text19       00272A
_read_external_eeprom          text2        002700
_read_key                      text31       0024AC
_read_rtc                      text10       002072
_scan_key                      text32       002430
_sec                           bssCOMRAM    00001E
_set_date                      text7        001270
_set_ev                        text4        000648
_set_time                      text3        000D94
_store                         text5        001F12
_time                          bssCOMRAM    00002B
_view_event                    text1        001DAE
_write_ds1307                  text16       002754
_write_external_eeprom         text6        002686
_year                          bssCOMRAM    00001B
clcd_print@addr                cstackCOMRAM 000038
clcd_print@data                cstackCOMRAM 000036
clcd_print_ch@addr             cstackCOMRAM 00003C
clcd_print_ch@data             cstackCOMRAM 00003D
clcd_write@byte                cstackCOMRAM 000035
clcd_write@control_bit         cstackCOMRAM 000034
date_time@ch                   dataBANK0    00007E
date_time@key                  cstackCOMRAM 00003E
date_time@long_press           bssCOMRAM    00000F
edit_screen@ch                 dataBANK0    00009C
edit_screen@key                cstackCOMRAM 00003E
edit_screen@long_press         bssCOMRAM    000011
edit_view_event@ch             dataBANK0    000060
edit_view_event@key            cstackCOMRAM 00003E
edit_view_event@long_press     bssCOMRAM    00000D
end_of_initialization          cinit        002634
i2c_write@data                 cstackCOMRAM 000034
init_ds1307@dummy              cstackCOMRAM 000037
intlevel0                      text         000000
intlevel1                      text         000000
intlevel2                      text         000000
intlevel3                      text         000000
isa$std                        (abs)        000001
isa$xinst                      (abs)        000000
main@key                       cstackCOMRAM 000051
main@s_flag                    cstackCOMRAM 000050
read_ds1307@address            cstackCOMRAM 000035
read_ds1307@data               cstackCOMRAM 000036
read_external_eeprom@address   cstackCOMRAM 000035
read_external_eeprom@data      cstackCOMRAM 000036
read_key@key                   cstackCOMRAM 000035
read_key@once                  dataCOMRAM   000057
read_key@state                 cstackCOMRAM 000034
set_date@j                     bssCOMRAM    000018
set_date@key                   cstackCOMRAM 000041
set_date@long_press            bssCOMRAM    000007
set_date@num                   cstackCOMRAM 000040
set_date@t                     bssCOMRAM    000005
set_ev@F10533                  dataCOMRAM   000052
set_ev@j                       bssCOMRAM    000014
set_ev@key                     cstackCOMRAM 00004D
set_ev@long_press              bssCOMRAM    000003
set_ev@mode                    cstackCOMRAM 000049
set_ev@t                       bssCOMRAM    000001
set_time@j                     bssCOMRAM    000019
set_time@key                   cstackCOMRAM 000041
set_time@long_press            bssCOMRAM    00000B
set_time@num                   cstackCOMRAM 000040
set_time@t                     bssCOMRAM    000009
stackhi                        (abs)        000000
stacklo                        (abs)        000000
start                          init         000000
start_initialization           cinit        0025E8
store@i                        cstackCOMRAM 000048
store@log                      cstackCOMRAM 00003C
view_event@i                   bssCOMRAM    000013
view_event@j                   cstackCOMRAM 00004B
view_event@key                 cstackCOMRAM 00004A
view_event@log                 cstackCOMRAM 00003E
write_ds1307@address           cstackCOMRAM 000036
write_ds1307@data              cstackCOMRAM 000035
write_external_eeprom@address  cstackCOMRAM 000038
write_external_eeprom@data     cstackCOMRAM 000035
write_external_eeprom@i        cstackCOMRAM 000036


MODULE INFORMATION

Module		Function		Class		Link	Load	Size
matrix_keypad.c
		_init_matrix   		CODE           	27CC	0000	16
		_scan_key      		CODE           	2430	0000	124
		_read_key      		CODE           	24AC	0000	118

matrix_keypad.c estimated size: 258

C:\Program Files\Microchip\xc8\v2.36\pic\sources\c99\common\awmod.c
		___awmod       		CODE           	2250	0000	176

C:\Program Files\Microchip\xc8\v2.36\pic\sources\c99\common\awmod.c estimated size: 176

i2c.c
		_i2c_start     		CODE           	2808	0000	8
		_i2c_no_ack    		CODE           	2826	0000	6
		_i2c_rep_start 		CODE           	2810	0000	8
		_i2c_idle      		CODE           	27BA	0000	18
		_i2c_write     		CODE           	27E8	0000	12
		_i2c_stop      		CODE           	2800	0000	8
		_i2c_read      		CODE           	27F4	0000	12
		_init_i2c      		CODE           	27A4	0000	22
		_i2c_rx_mode   		CODE           	2818	0000	8

i2c.c estimated size: 102

view_edit_event.c
		_view_event    		CODE           	1DAE	0000	356
		_set_ev        		CODE           	0648	0000	1868
		_store         		CODE           	1F12	0000	352

view_edit_event.c estimated size: 2576

edit_time_date.c
		_set_date      		CODE           	1270	0000	1244
		_set_time      		CODE           	0D94	0000	1244

edit_time_date.c estimated size: 2488

digital_timer.c
		_date_time     		CODE           	1C38	0000	374
		_edit_view_event		CODE           	1AC2	0000	374
		_get_time      		CODE           	23A8	0000	136
		_read_rtc      		CODE           	2072	0000	282
		_edit_screen   		CODE           	1928	0000	410

digital_timer.c estimated size: 1576

C:\Program Files\Microchip\xc8\v2.36\pic\sources\c99\common\awdiv.c
		___awdiv       		CODE           	218C	0000	196

C:\Program Files\Microchip\xc8\v2.36\pic\sources\c99\common\awdiv.c estimated size: 196

shared
		__initialization		CODE           	25E8	0000	76

shared estimated size: 76

isr_timer2.c
		_init_timer    		CODE           	27DC	0000	12

isr_timer2.c estimated size: 12

clcd.c
		_clcd_write    		CODE           	26C6	0000	58
		_clcd_print    		CODE           	2522	0000	108
		_clcd_print_ch 		CODE           	278C	0000	24
		_init_clcd     		CODE           	2300	0000	168

clcd.c estimated size: 358

rtc.c
		_read_ds1307   		CODE           	272A	0000	42
		_write_ds1307  		CODE           	2754	0000	30
		_init_ds1307   		CODE           	263E	0000	72

rtc.c estimated size: 144

ext_eeprom.c
		_write_external_eeprom		CODE           	2686	0000	64
		_read_external_eeprom		CODE           	2700	0000	42

ext_eeprom.c estimated size: 106

main.c
		_main          		CODE           	174C	0000	476
		_init_config   		CODE           	2772	0000	26

main.c estimated size: 502

